com\example\demo\DemoApplication.class
com\example\demo\model\Admin.class
com\example\demo\dao\AdminDAO.class
com\example\demo\model\Historique.class
com\example\demo\model\Recharge2.class
com\example\demo\controller\ControllerNotification.class
com\example\demo\controller\NewEnchereController.class
com\example\demo\dao\PropositionDAO.class
com\example\demo\model\Catench.class
com\example\demo\model\Duree.class
com\example\demo\controller\ControllerEncherecategorie.class
com\example\demo\controller\InscriptionController.class
com\example\demo\dao\NotificationDao.class
com\example\demo\exception\ResourceNotFoundException.class
com\example\demo\model\Categorie.class
com\example\demo\model\Notification.class
com\example\demo\repository\EnchereDetailRepository.class
com\example\demo\model\Recharge.class
com\example\demo\controller\ControllerProposition.class
com\example\demo\dao\DaoClient.class
bdd\BDD.class
com\example\demo\model\Client.class
com\example\demo\dao\HistoriqueDao.class
com\example\demo\repository\AjoutEnchere.class
com\example\demo\controller\AdminController.class
com\example\demo\controller\EnchereController.class
com\example\demo\dao\RechargeDao.class
com\example\demo\model\Transactions.class
com\example\demo\dao\TransactionsDao.class
com\example\demo\model\Enchere.class
com\example\demo\Connection\Connexion.class
com\example\demo\dao\EncherecategorieDAO.class
com\example\demo\repository\UtilisateurRepository.class
com\example\demo\WebController.class
com\example\demo\model\Encherecategorie.class
com\example\demo\model\Proposition.class
com\example\demo\dao\ClientDao.class
com\example\demo\model\Utilisateur.class
com\example\demo\controller\ControllerHistorique.class
com\example\demo\repository\EnchereAllrepository.class
com\example\demo\dao\DureeDao.class
com\example\demo\Connection\Main.class
com\example\demo\controller\ControllerRecharge.class
