D:\document\ITU\L3\S5\Mr Rojo\Enchere\demo\src\main\java\com\example\demo\bdd\BDD.java
D:\document\ITU\L3\S5\Mr Rojo\Enchere\demo\src\main\java\com\example\demo\model\Transactions.java
D:\document\ITU\L3\S5\Mr Rojo\Enchere\demo\src\main\java\com\example\demo\controller\ControllerNotification.java
D:\document\ITU\L3\S5\Mr Rojo\Enchere\demo\src\main\java\com\example\demo\controller\NewEnchereController.java
D:\document\ITU\L3\S5\Mr Rojo\Enchere\demo\src\main\java\com\example\demo\controller\InscriptionController.java
D:\document\ITU\L3\S5\Mr Rojo\Enchere\demo\src\main\java\com\example\demo\model\Categorie.java
D:\document\ITU\L3\S5\Mr Rojo\Enchere\demo\src\main\java\com\example\demo\model\Proposition.java
D:\document\ITU\L3\S5\Mr Rojo\Enchere\demo\src\main\java\com\example\demo\repository\UtilisateurRepository.java
D:\document\ITU\L3\S5\Mr Rojo\Enchere\demo\src\main\java\com\example\demo\dao\HistoriqueDao.java
D:\document\ITU\L3\S5\Mr Rojo\Enchere\demo\src\main\java\com\example\demo\controller\ControllerProposition.java
D:\document\ITU\L3\S5\Mr Rojo\Enchere\demo\src\main\java\com\example\demo\dao\ClientDao.java
D:\document\ITU\L3\S5\Mr Rojo\Enchere\demo\src\main\java\com\example\demo\exception\ResourceNotFoundException.java
D:\document\ITU\L3\S5\Mr Rojo\Enchere\demo\src\main\java\com\example\demo\controller\EnchereController.java
D:\document\ITU\L3\S5\Mr Rojo\Enchere\demo\src\main\java\com\example\demo\model\Recharge2.java
D:\document\ITU\L3\S5\Mr Rojo\Enchere\demo\src\main\java\com\example\demo\Connection\Main.java
D:\document\ITU\L3\S5\Mr Rojo\Enchere\demo\src\main\java\com\example\demo\Connection\Connexion.java
D:\document\ITU\L3\S5\Mr Rojo\Enchere\demo\src\main\java\com\example\demo\model\Duree.java
D:\document\ITU\L3\S5\Mr Rojo\Enchere\demo\src\main\java\com\example\demo\model\Encherecategorie.java
D:\document\ITU\L3\S5\Mr Rojo\Enchere\demo\src\main\java\com\example\demo\controller\AdminController.java
D:\document\ITU\L3\S5\Mr Rojo\Enchere\demo\src\main\java\com\example\demo\model\Client.java
D:\document\ITU\L3\S5\Mr Rojo\Enchere\demo\src\main\java\com\example\demo\dao\DureeDao.java
D:\document\ITU\L3\S5\Mr Rojo\Enchere\demo\src\main\java\com\example\demo\dao\RechargeDao.java
D:\document\ITU\L3\S5\Mr Rojo\Enchere\demo\src\main\java\com\example\demo\model\Admin.java
D:\document\ITU\L3\S5\Mr Rojo\Enchere\demo\src\main\java\com\example\demo\repository\AjoutEnchere.java
D:\document\ITU\L3\S5\Mr Rojo\Enchere\demo\src\main\java\com\example\demo\repository\EnchereDetailRepository.java
D:\document\ITU\L3\S5\Mr Rojo\Enchere\demo\src\main\java\com\example\demo\WebController.java
D:\document\ITU\L3\S5\Mr Rojo\Enchere\demo\src\main\java\com\example\demo\dao\EncherecategorieDAO.java
D:\document\ITU\L3\S5\Mr Rojo\Enchere\demo\src\main\java\com\example\demo\dao\AdminDAO.java
D:\document\ITU\L3\S5\Mr Rojo\Enchere\demo\src\main\java\com\example\demo\model\Notification.java
D:\document\ITU\L3\S5\Mr Rojo\Enchere\demo\src\main\java\com\example\demo\model\Utilisateur.java
D:\document\ITU\L3\S5\Mr Rojo\Enchere\demo\src\main\java\com\example\demo\dao\DaoClient.java
D:\document\ITU\L3\S5\Mr Rojo\Enchere\demo\src\main\java\com\example\demo\dao\PropositionDAO.java
D:\document\ITU\L3\S5\Mr Rojo\Enchere\demo\src\main\java\com\example\demo\controller\ControllerHistorique.java
D:\document\ITU\L3\S5\Mr Rojo\Enchere\demo\src\main\java\com\example\demo\repository\EnchereAllrepository.java
D:\document\ITU\L3\S5\Mr Rojo\Enchere\demo\src\main\java\com\example\demo\dao\NotificationDao.java
D:\document\ITU\L3\S5\Mr Rojo\Enchere\demo\src\main\java\com\example\demo\controller\ControllerRecharge.java
D:\document\ITU\L3\S5\Mr Rojo\Enchere\demo\src\main\java\com\example\demo\model\Enchere.java
D:\document\ITU\L3\S5\Mr Rojo\Enchere\demo\src\main\java\com\example\demo\model\Catench.java
D:\document\ITU\L3\S5\Mr Rojo\Enchere\demo\src\main\java\com\example\demo\model\Historique.java
D:\document\ITU\L3\S5\Mr Rojo\Enchere\demo\src\main\java\com\example\demo\DemoApplication.java
D:\document\ITU\L3\S5\Mr Rojo\Enchere\demo\src\main\java\com\example\demo\model\Recharge.java
D:\document\ITU\L3\S5\Mr Rojo\Enchere\demo\src\main\java\com\example\demo\dao\TransactionsDao.java
D:\document\ITU\L3\S5\Mr Rojo\Enchere\demo\src\main\java\com\example\demo\controller\ControllerEncherecategorie.java
